fn : (int arg1,bool arg2) int f{
}

fn : () void g {
    int a;
    f{int,bool->int}(a{int}, true);
	g{->void}();
}
