bool glob;
fn : () int main{
	int a;
	glob{bool} = a{int};
}
